// Jest Snapshot v1, https://goo.gl/fbAQLP

exports[`Heading should match snapshot 1`] = `
<DocumentFragment>
  .emotion-0 {
  margin: 0;
  font-weight: bold;
}

<h1
    class="emotion-0 emotion-1"
  >
    This is heading content
  </h1>
</DocumentFragment>
`;
